[batched_eval] WARNING: colocating infer+sim on GPU(s): 2
[batched_eval] topology=split infer_gpus=2 sim_gpus=2,3 n_sims=3 width=6 modes=demo_randomized tasks=50 seed=0 logs=/data/zixian_guo/projects/haoming/project/PI/OpenWAM/logs/batched_eval_fpd_colocate6_remaining_skipfront_demo_randomized_20260927_224957
[batched_eval]   infer[0] gpu=2 owns 2 sim GPU(s) -> n_slots=6
[batched_eval] infer gpu 2: encoder :9203 (cpu)  inference :9202  n_slots=6 max_batch=2
[batched_eval] all inference servers healthy
[batched_eval] queue 28 jobs, skipped 22
[batched_eval] 1/28 demo_randomized place_bread_basket -> sim_gpu 2 slot 0 (infer gpu 2 :9202)
[batched_eval] 2/28 demo_randomized place_bread_skillet -> sim_gpu 2 slot 1 (infer gpu 2 :9202)
[batched_eval] 3/28 demo_randomized place_burger_fries -> sim_gpu 2 slot 2 (infer gpu 2 :9202)
[batched_eval] 4/28 demo_randomized place_can_basket -> sim_gpu 3 slot 3 (infer gpu 2 :9202)
[batched_eval] 5/28 demo_randomized place_cans_plasticbox -> sim_gpu 3 slot 4 (infer gpu 2 :9202)
[batched_eval] 6/28 demo_randomized place_container_plate -> sim_gpu 3 slot 5 (infer gpu 2 :9202)
[batched_eval] 7/28 demo_randomized place_dual_shoes -> sim_gpu 3 slot 5 (infer gpu 2 :9202)
[batched_eval] 8/28 demo_randomized place_empty_cup -> sim_gpu 2 slot 0 (infer gpu 2 :9202)
[batched_eval] 9/28 demo_randomized place_fan -> sim_gpu 2 slot 1 (infer gpu 2 :9202)
[batched_eval] 10/28 demo_randomized place_mouse_pad -> sim_gpu 2 slot 2 (infer gpu 2 :9202)
[batched_eval] 11/28 demo_randomized place_object_basket -> sim_gpu 3 slot 4 (infer gpu 2 :9202)
[batched_eval] 12/28 demo_randomized place_object_scale -> sim_gpu 3 slot 3 (infer gpu 2 :9202)
[batched_eval] 13/28 demo_randomized place_object_stand -> sim_gpu 2 slot 2 (infer gpu 2 :9202)
[batched_eval] 14/28 demo_randomized place_phone_stand -> sim_gpu 2 slot 0 (infer gpu 2 :9202)
[batched_eval] 15/28 demo_randomized place_shoe -> sim_gpu 2 slot 1 (infer gpu 2 :9202)
[batched_eval] 16/28 demo_randomized press_stapler -> sim_gpu 3 slot 5 (infer gpu 2 :9202)
[batched_eval] 17/28 demo_randomized put_bottles_dustbin -> sim_gpu 3 slot 3 (infer gpu 2 :9202)
[batched_eval] 18/28 demo_randomized put_object_cabinet -> sim_gpu 3 slot 4 (infer gpu 2 :9202)
[batched_eval] 19/28 demo_randomized rotate_qrcode -> sim_gpu 2 slot 0 (infer gpu 2 :9202)
[batched_eval] 20/28 demo_randomized scan_object -> sim_gpu 2 slot 2 (infer gpu 2 :9202)
[batched_eval] 21/28 demo_randomized shake_bottle_horizontally -> sim_gpu 2 slot 1 (infer gpu 2 :9202)
[batched_eval] 22/28 demo_randomized shake_bottle -> sim_gpu 3 slot 5 (infer gpu 2 :9202)
[batched_eval] 23/28 demo_randomized stack_blocks_three -> sim_gpu 2 slot 0 (infer gpu 2 :9202)
[batched_eval] 24/28 demo_randomized stack_blocks_two -> sim_gpu 2 slot 1 (infer gpu 2 :9202)
[batched_eval] 25/28 demo_randomized stack_bowls_three -> sim_gpu 3 slot 5 (infer gpu 2 :9202)
[batched_eval] 26/28 demo_randomized stack_bowls_two -> sim_gpu 2 slot 2 (infer gpu 2 :9202)
[batched_eval] 27/28 demo_randomized stamp_seal -> sim_gpu 2 slot 1 (infer gpu 2 :9202)
[batched_eval] 28/28 demo_randomized turn_switch -> sim_gpu 3 slot 4 (infer gpu 2 :9202)
[batched_eval] sim_gpu 3 slot 3 idle (28/28 dispatched)
[batched_eval] sim_gpu 2 slot 2 idle (28/28 dispatched)
[batched_eval] sim_gpu 2 slot 0 idle (28/28 dispatched)
[batched_eval] sim_gpu 2 slot 1 idle (28/28 dispatched)
[batched_eval] sim_gpu 3 slot 5 idle (28/28 dispatched)
[batched_eval] sim_gpu 3 slot 4 idle (28/28 dispatched)
[batched_eval] done. logs: /data/zixian_guo/projects/haoming/project/PI/OpenWAM/logs/batched_eval_fpd_colocate6_remaining_skipfront_demo_randomized_20260927_224957
[batched_eval] stopping 30 processes
